// Jest Snapshot v1, https://goo.gl/fbAQLP

exports[`Validation Error component renders the UI as expected 1`] = `
<div
  className="error"
>
  messages
</div>
`;
